 ⚠ Warning: Found multiple lockfiles. Selecting /Users/fred/package-lock.json.
   Consider removing the lockfiles at:
   * /Users/fred/Desktop/BEITH AI/ARTWORK MASTER/package-lock.json

   ▲ Next.js 15.4.5
   - Local:        http://localhost:3001
   - Network:      http://192.9.201.194:3001
   - Environments: .env.local, .env

 ✓ Starting...
   Disabled SWC as replacement for Babel because of custom Babel configuration "babel.config.js" https://nextjs.org/docs/messages/swc-disabled
   `compiler` options in `next.config.js` will be ignored while using Babel https://nextjs.org/docs/messages/ignored-compiler-options
 ✓ Ready in 1764ms
   Using external babel configuration from /Users/fred/Desktop/BEITH AI/ARTWORK MASTER/babel.config.js
 ○ Compiling / ...
 ⨯ ./node_modules/next/dist/compiled/@next/react-refresh-utils/dist/runtime.js
Error: Cannot find module 'babel-preset-expo'
Require stack:
- /Users/fred/Desktop/BEITH AI/ARTWORK MASTER/node_modules/next/dist/compiled/babel/bundle.js
- /Users/fred/Desktop/BEITH AI/ARTWORK MASTER/node_modules/next/dist/compiled/babel/code-frame.js
- /Users/fred/Desktop/BEITH AI/ARTWORK MASTER/node_modules/next/dist/next-devtools/server/shared.js
- /Users/fred/Desktop/BEITH AI/ARTWORK MASTER/node_modules/next/dist/server/patch-error-inspect.js
- /Users/fred/Desktop/BEITH AI/ARTWORK MASTER/node_modules/next/dist/server/node-environment-extensions/error-inspect.js
- /Users/fred/Desktop/BEITH AI/ARTWORK MASTER/node_modules/next/dist/server/node-environment.js
- /Users/fred/Desktop/BEITH AI/ARTWORK MASTER/node_modules/next/dist/server/lib/router-server.js
- /Users/fred/Desktop/BEITH AI/ARTWORK MASTER/node_modules/next/dist/server/lib/start-server.js

Make sure that all the Babel plugins and presets you are using
are defined as dependencies or devDependencies in your package.json
file. It's possible that the missing plugin is loaded by a preset
you are using that forgot to add the plugin to its dependencies: you
can workaround this problem by explicitly adding the missing package
to your top-level package.json.
    at loadPreset.next (<anonymous>)
    at createDescriptor.next (<anonymous>)
    at Array.map (<anonymous>)
    at Generator.next (<anonymous>)
    at createDescriptors.next (<anonymous>)
    at createPresetDescriptors.next (<anonymous>)
    at Generator.next (<anonymous>)
    at mergeChainOpts.next (<anonymous>)
    at chainWalker.next (<anonymous>)
    at loadFileChain.next (<anonymous>)
    at buildRootChain.next (<anonymous>)
    at loadPrivatePartialConfig.next (<anonymous>)
    at loadFullConfig.next (<anonymous>)
    at loadOptionsImpl.next (<anonymous>)
 ⨯ ./node_modules/next/dist/compiled/@next/react-refresh-utils/dist/runtime.js
Error: Cannot find module 'babel-preset-expo'
Require stack:
- /Users/fred/Desktop/BEITH AI/ARTWORK MASTER/node_modules/next/dist/compiled/babel/bundle.js
- /Users/fred/Desktop/BEITH AI/ARTWORK MASTER/node_modules/next/dist/compiled/babel/code-frame.js
- /Users/fred/Desktop/BEITH AI/ARTWORK MASTER/node_modules/next/dist/next-devtools/server/shared.js
- /Users/fred/Desktop/BEITH AI/ARTWORK MASTER/node_modules/next/dist/server/patch-error-inspect.js
- /Users/fred/Desktop/BEITH AI/ARTWORK MASTER/node_modules/next/dist/server/node-environment-extensions/error-inspect.js
- /Users/fred/Desktop/BEITH AI/ARTWORK MASTER/node_modules/next/dist/server/node-environment.js
- /Users/fred/Desktop/BEITH AI/ARTWORK MASTER/node_modules/next/dist/server/lib/router-server.js
- /Users/fred/Desktop/BEITH AI/ARTWORK MASTER/node_modules/next/dist/server/lib/start-server.js

Make sure that all the Babel plugins and presets you are using
are defined as dependencies or devDependencies in your package.json
file. It's possible that the missing plugin is loaded by a preset
you are using that forgot to add the plugin to its dependencies: you
can workaround this problem by explicitly adding the missing package
to your top-level package.json.
    at loadPreset.next (<anonymous>)
    at createDescriptor.next (<anonymous>)
    at Array.map (<anonymous>)
    at Generator.next (<anonymous>)
    at createDescriptors.next (<anonymous>)
    at createPresetDescriptors.next (<anonymous>)
    at Generator.next (<anonymous>)
    at mergeChainOpts.next (<anonymous>)
    at chainWalker.next (<anonymous>)
    at loadFileChain.next (<anonymous>)
    at buildRootChain.next (<anonymous>)
    at loadPrivatePartialConfig.next (<anonymous>)
    at loadFullConfig.next (<anonymous>)
    at loadOptionsImpl.next (<anonymous>)
 ⨯ ./node_modules/next/dist/compiled/@next/react-refresh-utils/dist/runtime.js
Error: Cannot find module 'babel-preset-expo'
Require stack:
- /Users/fred/Desktop/BEITH AI/ARTWORK MASTER/node_modules/next/dist/compiled/babel/bundle.js
- /Users/fred/Desktop/BEITH AI/ARTWORK MASTER/node_modules/next/dist/compiled/babel/code-frame.js
- /Users/fred/Desktop/BEITH AI/ARTWORK MASTER/node_modules/next/dist/next-devtools/server/shared.js
- /Users/fred/Desktop/BEITH AI/ARTWORK MASTER/node_modules/next/dist/server/patch-error-inspect.js
- /Users/fred/Desktop/BEITH AI/ARTWORK MASTER/node_modules/next/dist/server/node-environment-extensions/error-inspect.js
- /Users/fred/Desktop/BEITH AI/ARTWORK MASTER/node_modules/next/dist/server/node-environment.js
- /Users/fred/Desktop/BEITH AI/ARTWORK MASTER/node_modules/next/dist/server/lib/router-server.js
- /Users/fred/Desktop/BEITH AI/ARTWORK MASTER/node_modules/next/dist/server/lib/start-server.js

Make sure that all the Babel plugins and presets you are using
are defined as dependencies or devDependencies in your package.json
file. It's possible that the missing plugin is loaded by a preset
you are using that forgot to add the plugin to its dependencies: you
can workaround this problem by explicitly adding the missing package
to your top-level package.json.
    at loadPreset.next (<anonymous>)
    at createDescriptor.next (<anonymous>)
    at Array.map (<anonymous>)
    at Generator.next (<anonymous>)
    at createDescriptors.next (<anonymous>)
    at createPresetDescriptors.next (<anonymous>)
    at Generator.next (<anonymous>)
    at mergeChainOpts.next (<anonymous>)
    at chainWalker.next (<anonymous>)
    at loadFileChain.next (<anonymous>)
    at buildRootChain.next (<anonymous>)
    at loadPrivatePartialConfig.next (<anonymous>)
    at loadFullConfig.next (<anonymous>)
    at loadOptionsImpl.next (<anonymous>)
 ⨯ [Error: ENOENT: no such file or directory, open '/Users/fred/Desktop/BEITH AI/ARTWORK MASTER/.next/fallback-build-manifest.json'] {
  errno: -2,
  code: 'ENOENT',
  syscall: 'open',
  path: '/Users/fred/Desktop/BEITH AI/ARTWORK MASTER/.next/fallback-build-manifest.json'
}
[Error: ENOENT: no such file or directory, open '/Users/fred/Desktop/BEITH AI/ARTWORK MASTER/.next/fallback-build-manifest.json'] {
  errno: -2,
  code: 'ENOENT',
  syscall: 'open',
  path: '/Users/fred/Desktop/BEITH AI/ARTWORK MASTER/.next/fallback-build-manifest.json'
}
[Error: ENOENT: no such file or directory, open '/Users/fred/Desktop/BEITH AI/ARTWORK MASTER/.next/fallback-build-manifest.json'] {
  errno: -2,
  code: 'ENOENT',
  syscall: 'open',
  path: '/Users/fred/Desktop/BEITH AI/ARTWORK MASTER/.next/fallback-build-manifest.json'
}
 ⨯ ./node_modules/next/dist/compiled/@next/react-refresh-utils/dist/runtime.js
Error: Cannot find module 'babel-preset-expo'
Require stack:
- /Users/fred/Desktop/BEITH AI/ARTWORK MASTER/node_modules/next/dist/compiled/babel/bundle.js
- /Users/fred/Desktop/BEITH AI/ARTWORK MASTER/node_modules/next/dist/compiled/babel/code-frame.js
- /Users/fred/Desktop/BEITH AI/ARTWORK MASTER/node_modules/next/dist/next-devtools/server/shared.js
- /Users/fred/Desktop/BEITH AI/ARTWORK MASTER/node_modules/next/dist/server/patch-error-inspect.js
- /Users/fred/Desktop/BEITH AI/ARTWORK MASTER/node_modules/next/dist/server/node-environment-extensions/error-inspect.js
- /Users/fred/Desktop/BEITH AI/ARTWORK MASTER/node_modules/next/dist/server/node-environment.js
- /Users/fred/Desktop/BEITH AI/ARTWORK MASTER/node_modules/next/dist/server/lib/router-server.js
- /Users/fred/Desktop/BEITH AI/ARTWORK MASTER/node_modules/next/dist/server/lib/start-server.js

Make sure that all the Babel plugins and presets you are using
are defined as dependencies or devDependencies in your package.json
file. It's possible that the missing plugin is loaded by a preset
you are using that forgot to add the plugin to its dependencies: you
can workaround this problem by explicitly adding the missing package
to your top-level package.json.
    at loadPreset.next (<anonymous>)
    at createDescriptor.next (<anonymous>)
    at Array.map (<anonymous>)
    at Generator.next (<anonymous>)
    at createDescriptors.next (<anonymous>)
    at createPresetDescriptors.next (<anonymous>)
    at Generator.next (<anonymous>)
    at mergeChainOpts.next (<anonymous>)
    at chainWalker.next (<anonymous>)
    at loadFileChain.next (<anonymous>)
    at buildRootChain.next (<anonymous>)
    at loadPrivatePartialConfig.next (<anonymous>)
    at loadFullConfig.next (<anonymous>)
    at loadOptionsImpl.next (<anonymous>)
[Error: ENOENT: no such file or directory, stat '/Users/fred/Desktop/BEITH AI/ARTWORK MASTER/.next/cache/webpack/client-development-fallback/0.pack.gz'] {
  errno: -2,
  code: 'ENOENT',
  syscall: 'stat',
  path: '/Users/fred/Desktop/BEITH AI/ARTWORK MASTER/.next/cache/webpack/client-development-fallback/0.pack.gz'
}
 ⨯ unhandledRejection: [Error: ENOENT: no such file or directory, stat '/Users/fred/Desktop/BEITH AI/ARTWORK MASTER/.next/cache/webpack/client-development-fallback/0.pack.gz'] {
  errno: -2,
  code: 'ENOENT',
  syscall: 'stat',
  path: '/Users/fred/Desktop/BEITH AI/ARTWORK MASTER/.next/cache/webpack/client-development-fallback/0.pack.gz'
}
 ⨯ unhandledRejection:  [Error: ENOENT: no such file or directory, stat '/Users/fred/Desktop/BEITH AI/ARTWORK MASTER/.next/cache/webpack/client-development-fallback/0.pack.gz'] {
  errno: -2,
  code: 'ENOENT',
  syscall: 'stat',
  path: '/Users/fred/Desktop/BEITH AI/ARTWORK MASTER/.next/cache/webpack/client-development-fallback/0.pack.gz'
}
<w> [webpack.cache.PackFileCacheStrategy] Caching failed for pack: Error: ENOENT: no such file or directory, stat '/Users/fred/Desktop/BEITH AI/ARTWORK MASTER/.next/cache/webpack/client-development-fallback/0.pack.gz'
[Error: ENOENT: no such file or directory, stat '/Users/fred/Desktop/BEITH AI/ARTWORK MASTER/.next/cache/webpack/server-development/0.pack.gz'] {
  errno: -2,
  code: 'ENOENT',
  syscall: 'stat',
  path: '/Users/fred/Desktop/BEITH AI/ARTWORK MASTER/.next/cache/webpack/server-development/0.pack.gz'
}
 ⨯ unhandledRejection: [Error: ENOENT: no such file or directory, stat '/Users/fred/Desktop/BEITH AI/ARTWORK MASTER/.next/cache/webpack/server-development/0.pack.gz'] {
  errno: -2,
  code: 'ENOENT',
  syscall: 'stat',
  path: '/Users/fred/Desktop/BEITH AI/ARTWORK MASTER/.next/cache/webpack/server-development/0.pack.gz'
}
 ⨯ unhandledRejection:  [Error: ENOENT: no such file or directory, stat '/Users/fred/Desktop/BEITH AI/ARTWORK MASTER/.next/cache/webpack/server-development/0.pack.gz'] {
  errno: -2,
  code: 'ENOENT',
  syscall: 'stat',
  path: '/Users/fred/Desktop/BEITH AI/ARTWORK MASTER/.next/cache/webpack/server-development/0.pack.gz'
}
<w> [webpack.cache.PackFileCacheStrategy] Caching failed for pack: Error: ENOENT: no such file or directory, stat '/Users/fred/Desktop/BEITH AI/ARTWORK MASTER/.next/cache/webpack/server-development/0.pack.gz'
[Error: ENOENT: no such file or directory, stat '/Users/fred/Desktop/BEITH AI/ARTWORK MASTER/.next/cache/webpack/client-development/1.pack.gz'] {
  errno: -2,
  code: 'ENOENT',
  syscall: 'stat',
  path: '/Users/fred/Desktop/BEITH AI/ARTWORK MASTER/.next/cache/webpack/client-development/1.pack.gz'
}
 ⨯ unhandledRejection: [Error: ENOENT: no such file or directory, stat '/Users/fred/Desktop/BEITH AI/ARTWORK MASTER/.next/cache/webpack/client-development/1.pack.gz'] {
  errno: -2,
  code: 'ENOENT',
  syscall: 'stat',
  path: '/Users/fred/Desktop/BEITH AI/ARTWORK MASTER/.next/cache/webpack/client-development/1.pack.gz'
}
 ⨯ unhandledRejection:  [Error: ENOENT: no such file or directory, stat '/Users/fred/Desktop/BEITH AI/ARTWORK MASTER/.next/cache/webpack/client-development/1.pack.gz'] {
  errno: -2,
  code: 'ENOENT',
  syscall: 'stat',
  path: '/Users/fred/Desktop/BEITH AI/ARTWORK MASTER/.next/cache/webpack/client-development/1.pack.gz'
}
<w> [webpack.cache.PackFileCacheStrategy] Caching failed for pack: Error: ENOENT: no such file or directory, stat '/Users/fred/Desktop/BEITH AI/ARTWORK MASTER/.next/cache/webpack/client-development/1.pack.gz'
 ⨯ ./node_modules/next/dist/compiled/@next/react-refresh-utils/dist/runtime.js
Error: Cannot find module 'babel-preset-expo'
Require stack:
- /Users/fred/Desktop/BEITH AI/ARTWORK MASTER/node_modules/next/dist/compiled/babel/bundle.js
- /Users/fred/Desktop/BEITH AI/ARTWORK MASTER/node_modules/next/dist/compiled/babel/code-frame.js
- /Users/fred/Desktop/BEITH AI/ARTWORK MASTER/node_modules/next/dist/next-devtools/server/shared.js
- /Users/fred/Desktop/BEITH AI/ARTWORK MASTER/node_modules/next/dist/server/patch-error-inspect.js
- /Users/fred/Desktop/BEITH AI/ARTWORK MASTER/node_modules/next/dist/server/node-environment-extensions/error-inspect.js
- /Users/fred/Desktop/BEITH AI/ARTWORK MASTER/node_modules/next/dist/server/node-environment.js
- /Users/fred/Desktop/BEITH AI/ARTWORK MASTER/node_modules/next/dist/server/lib/router-server.js
- /Users/fred/Desktop/BEITH AI/ARTWORK MASTER/node_modules/next/dist/server/lib/start-server.js

Make sure that all the Babel plugins and presets you are using
are defined as dependencies or devDependencies in your package.json
file. It's possible that the missing plugin is loaded by a preset
you are using that forgot to add the plugin to its dependencies: you
can workaround this problem by explicitly adding the missing package
to your top-level package.json.
    at loadPreset.next (<anonymous>)
    at createDescriptor.next (<anonymous>)
    at Array.map (<anonymous>)
    at Generator.next (<anonymous>)
    at createDescriptors.next (<anonymous>)
    at createPresetDescriptors.next (<anonymous>)
    at Generator.next (<anonymous>)
    at mergeChainOpts.next (<anonymous>)
    at chainWalker.next (<anonymous>)
    at loadFileChain.next (<anonymous>)
    at buildRootChain.next (<anonymous>)
    at loadPrivatePartialConfig.next (<anonymous>)
    at loadFullConfig.next (<anonymous>)
    at loadOptionsImpl.next (<anonymous>)
[?25h
