
> beith-preflight-portal@0.1.0 dev
> next dev --turbopack

   ▲ Next.js 15.4.2 (Turbopack)
   - Local:        http://localhost:3000
   - Network:      http://192.9.201.194:3000
   - Environments: .env.local, .env

 ✓ Starting...
 ✓ Compiled middleware in 108ms
 ✓ Ready in 1670ms
 ⨯ You are using configuration and/or tools that are not yet
supported by Next.js with Turbopack:
Babel detected (babel.config.js)
  Babel is not yet supported. To use Turbopack at the moment,
  you'll need to remove your usage of Babel.

If you cannot make the changes above, but still want to try out
Next.js with Turbopack, create the Next.js playground app
by running the following commands:

  pnpm create next-app --example with-turbopack with-turbopack-app
  cd with-turbopack-app
  pnpm run dev
        
 ⚠ Learn more about Next.js and Turbopack: https://nextjs.org/docs/architecture/turbopack

[?25h
